table ip table4 {
	set set4 {
		type ipv4_addr
		flags interval
		elements = { 192.0.2.0/24 }
	}
}
table ip6 table6 {
	set set6 {
		type ipv6_addr
		flags interval
		elements = { 2001:db8::/64 }
	}
}
