nameserver 127.0.0.11

# Based on host file: '/etc/resolv.conf' (internal resolver)
# NO EXTERNAL NAMESERVERS DEFINED
# Overrides: []
