-N DOCKER-FORWARD
-A DOCKER-FORWARD -j DOCKER-INGRESS
-A DOCKER-FORWARD -j DOCKER-CT
-A DOCKER-FORWARD -j DOCKER-ISOLATION-STAGE-1
-A DOCKER-FORWARD -j DOCKER-BRIDGE
