-P PREROUTING ACCEPT
-P OUTPUT ACCEPT
-A PREROUTING -d 192.168.0.2/32 ! -i docker0 -j DROP
-A PREROUTING -d 127.0.0.1/32 ! -i lo -p tcp -m tcp --dport 8080 -j DROP
