*raw
:PREROUTING ACCEPT [0:0]
:OUTPUT ACCEPT [0:0]
COMMIT
*filter
:INPUT ACCEPT [0:0]
:FORWARD ACCEPT [0:0]
:OUTPUT ACCEPT [0:0]
:DOCKER - [0:0]
:DOCKER-BRIDGE - [0:0]
:DOCKER-CT - [0:0]
:DOCKER-FORWARD - [0:0]
:DOCKER-ISOLATION-STAGE-1 - [0:0]
:DOCKER-ISOLATION-STAGE-2 - [0:0]
-A FORWARD -j DOCKER-FORWARD
-A DOCKER ! -i br-dummy -o br-dummy -j ACCEPT
-A DOCKER-BRIDGE -o br-dummy -j DOCKER
-A DOCKER-CT -o br-dummy -m conntrack --ctstate RELATED,ESTABLISHED -j ACCEPT
-A DOCKER-FORWARD -j DOCKER-CT
-A DOCKER-FORWARD -j DOCKER-ISOLATION-STAGE-1
-A DOCKER-FORWARD -j DOCKER-BRIDGE
-A DOCKER-FORWARD -i br-dummy -j ACCEPT
-A DOCKER-ISOLATION-STAGE-1 -i br-dummy ! -o br-dummy -j DOCKER-ISOLATION-STAGE-2
-A DOCKER-ISOLATION-STAGE-2 -o br-dummy -j DROP
COMMIT
*nat
:PREROUTING ACCEPT [0:0]
:INPUT ACCEPT [0:0]
:OUTPUT ACCEPT [0:0]
:POSTROUTING ACCEPT [0:0]
:DOCKER - [0:0]
-A PREROUTING -m addrtype --dst-type LOCAL -j DOCKER
-A OUTPUT ! -d ::1/128 -m addrtype --dst-type LOCAL -j DOCKER
-A POSTROUTING -s fd49:efd7:54aa::/64 ! -o br-dummy -j MASQUERADE
-A DOCKER -i br-dummy -j RETURN
-A DOCKER ! -s fe80::/10 ! -i br-dummy -p tcp -m tcp --dport 8080 -j DNAT --to-destination [fd49:efd7:54aa::1]:80
COMMIT
